
> frontend@0.1.0 test:coverage
> vitest run --coverage


[1m[46m RUN [49m[22m [36mv4.1.2 [39m[90m/home/thiago/Projetos/eventhub/frontend[39m
      [2mCoverage enabled with [22m[33mv8[39m

 [31m❯[39m src/services/__tests__/sponsors.service.spec.ts [2m([22m[2m0 test[22m[2m)[22m
 [31m❯[39m src/services/__tests__/submissions.service.spec.ts [2m([22m[2m0 test[22m[2m)[22m
 [31m❯[39m src/services/__tests__/operations.service.spec.ts [2m([22m[2m0 test[22m[2m)[22m
 [31m❯[39m src/services/__tests__/forms.service.spec.ts [2m([22m[2m0 test[22m[2m)[22m
 [31m❯[39m src/services/__tests__/speakers.service.spec.ts [2m([22m[2m0 test[22m[2m)[22m
 [31m❯[39m src/services/__tests__/participants.service.spec.ts [2m([22m[2m0 test[22m[2m)[22m
 [31m❯[39m src/services/__tests__/management.service.spec.ts [2m([22m[2m0 test[22m[2m)[22m
 [32m✓[39m src/services/__tests__/analytics.service.spec.ts [2m([22m[2m9 tests[22m[2m)[22m[32m 14[2mms[22m[39m
 [32m✓[39m src/services/__tests__/certificates.service.spec.ts [2m([22m[2m10 tests[22m[2m)[22m[32m 31[2mms[22m[39m
 [32m✓[39m src/services/__tests__/badges.service.spec.ts [2m([22m[2m9 tests[22m[2m)[22m[32m 17[2mms[22m[39m
 [32m✓[39m src/services/__tests__/activities.service.spec.ts [2m([22m[2m9 tests[22m[2m)[22m[32m 24[2mms[22m[39m
 [32m✓[39m src/services/__tests__/users.service.spec.ts [2m([22m[2m10 tests[22m[2m)[22m[32m 33[2mms[22m[39m
 [32m✓[39m src/services/__tests__/events.service.spec.ts [2m([22m[2m10 tests[22m[2m)[22m[32m 20[2mms[22m[39m
 [32m✓[39m src/services/__tests__/staff.service.spec.ts [2m([22m[2m6 tests[22m[2m)[22m[32m 50[2mms[22m[39m
 [32m✓[39m src/components/common/__tests__/ConfirmationModal.spec.tsx [2m([22m[2m5 tests[22m[2m)[22m[32m 83[2mms[22m[39m
 [32m✓[39m src/services/__tests__/checkout.service.spec.ts [2m([22m[2m1 test[22m[2m)[22m[32m 8[2mms[22m[39m
 [32m✓[39m src/services/__tests__/tenants.service.spec.ts [2m([22m[2m3 tests[22m[2m)[22m[32m 9[2mms[22m[39m
 [32m✓[39m src/services/__tests__/auth.service.spec.ts [2m([22m[2m5 tests[22m[2m)[22m[32m 10[2mms[22m[39m
 [32m✓[39m src/services/__tests__/dashboard.service.spec.ts [2m([22m[2m1 test[22m[2m)[22m[32m 7[2mms[22m[39m

[31m⎯⎯⎯⎯⎯⎯[39m[1m[41m Failed Suites 7 [49m[22m[31m⎯⎯⎯⎯⎯⎯⎯[39m

[41m[1m FAIL [22m[49m src/services/__tests__/forms.service.spec.ts[2m [ src/services/__tests__/forms.service.spec.ts ][22m
[31m[1mError[22m: Failed to resolve import "../lib/api" from "src/services/__tests__/forms.service.spec.ts". Does the file exist?[39m
  Plugin: [35mvite:import-analysis[39m
  File: [36m/home/thiago/Projetos/eventhub/frontend/src/services/__tests__/forms.service.spec.ts[39m:3:0
[33m  4  |  } }));
  5  |  const __vi_import_0__ = await import("../forms.service");
  6  |  const __vi_import_1__ = await import("../lib/api");
     |                                       ^
  7  |  import { describe, it, expect, vi, beforeEach } from "vitest";
  8  |  [39m
[90m [2m❯[22m TransformPluginContext._formatLog node_modules/vite/dist/node/chunks/node.js:[2m30259:39[22m[39m
[90m [2m❯[22m TransformPluginContext.error node_modules/vite/dist/node/chunks/node.js:[2m30256:14[22m[39m
[90m [2m❯[22m normalizeUrl node_modules/vite/dist/node/chunks/node.js:[2m27544:18[22m[39m
[90m [2m❯[22m node_modules/vite/dist/node/chunks/node.js:[2m27607:30[22m[39m
[90m [2m❯[22m TransformPluginContext.transform node_modules/vite/dist/node/chunks/node.js:[2m27575:4[22m[39m
[90m [2m❯[22m EnvironmentPluginContainer.transform node_modules/vite/dist/node/chunks/node.js:[2m30048:14[22m[39m
[90m [2m❯[22m loadAndTransform node_modules/vite/dist/node/chunks/node.js:[2m24177:26[22m[39m

[31m[2m⎯⎯⎯⎯⎯⎯⎯⎯⎯⎯⎯⎯⎯⎯⎯⎯⎯⎯⎯⎯⎯⎯⎯⎯[1/7]⎯[22m[39m

[41m[1m FAIL [22m[49m src/services/__tests__/management.service.spec.ts[2m [ src/services/__tests__/management.service.spec.ts ][22m
[31m[1mError[22m: Failed to resolve import "../lib/api" from "src/services/__tests__/management.service.spec.ts". Does the file exist?[39m
  Plugin: [35mvite:import-analysis[39m
  File: [36m/home/thiago/Projetos/eventhub/frontend/src/services/__tests__/management.service.spec.ts[39m:3:0
[33m  5  |  } }));
  6  |  const __vi_import_0__ = await import("../management.service");
  7  |  const __vi_import_1__ = await import("../lib/api");
     |                                       ^
  8  |  import { describe, it, expect, vi, beforeEach } from "vitest";
  9  |  [39m
[90m [2m❯[22m TransformPluginContext._formatLog node_modules/vite/dist/node/chunks/node.js:[2m30259:39[22m[39m
[90m [2m❯[22m TransformPluginContext.error node_modules/vite/dist/node/chunks/node.js:[2m30256:14[22m[39m
[90m [2m❯[22m normalizeUrl node_modules/vite/dist/node/chunks/node.js:[2m27544:18[22m[39m
[90m [2m❯[22m node_modules/vite/dist/node/chunks/node.js:[2m27607:30[22m[39m
[90m [2m❯[22m TransformPluginContext.transform node_modules/vite/dist/node/chunks/node.js:[2m27575:4[22m[39m
[90m [2m❯[22m EnvironmentPluginContainer.transform node_modules/vite/dist/node/chunks/node.js:[2m30048:14[22m[39m
[90m [2m❯[22m loadAndTransform node_modules/vite/dist/node/chunks/node.js:[2m24177:26[22m[39m

[31m[2m⎯⎯⎯⎯⎯⎯⎯⎯⎯⎯⎯⎯⎯⎯⎯⎯⎯⎯⎯⎯⎯⎯⎯⎯[2/7]⎯[22m[39m

[41m[1m FAIL [22m[49m src/services/__tests__/operations.service.spec.ts[2m [ src/services/__tests__/operations.service.spec.ts ][22m
[31m[1mError[22m: Failed to resolve import "../lib/api" from "src/services/__tests__/operations.service.spec.ts". Does the file exist?[39m
  Plugin: [35mvite:import-analysis[39m
  File: [36m/home/thiago/Projetos/eventhub/frontend/src/services/__tests__/operations.service.spec.ts[39m:3:0
[33m  5  |  } }));
  6  |  const __vi_import_0__ = await import("../operations.service");
  7  |  const __vi_import_1__ = await import("../lib/api");
     |                                       ^
  8  |  import { describe, it, expect, vi, beforeEach } from "vitest";
  9  |  [39m
[90m [2m❯[22m TransformPluginContext._formatLog node_modules/vite/dist/node/chunks/node.js:[2m30259:39[22m[39m
[90m [2m❯[22m TransformPluginContext.error node_modules/vite/dist/node/chunks/node.js:[2m30256:14[22m[39m
[90m [2m❯[22m normalizeUrl node_modules/vite/dist/node/chunks/node.js:[2m27544:18[22m[39m
[90m [2m❯[22m node_modules/vite/dist/node/chunks/node.js:[2m27607:30[22m[39m
[90m [2m❯[22m TransformPluginContext.transform node_modules/vite/dist/node/chunks/node.js:[2m27575:4[22m[39m
[90m [2m❯[22m EnvironmentPluginContainer.transform node_modules/vite/dist/node/chunks/node.js:[2m30048:14[22m[39m
[90m [2m❯[22m loadAndTransform node_modules/vite/dist/node/chunks/node.js:[2m24177:26[22m[39m

[31m[2m⎯⎯⎯⎯⎯⎯⎯⎯⎯⎯⎯⎯⎯⎯⎯⎯⎯⎯⎯⎯⎯⎯⎯⎯[3/7]⎯[22m[39m

[41m[1m FAIL [22m[49m src/services/__tests__/participants.service.spec.ts[2m [ src/services/__tests__/participants.service.spec.ts ][22m
[31m[1mError[22m: Failed to resolve import "../lib/api" from "src/services/__tests__/participants.service.spec.ts". Does the file exist?[39m
  Plugin: [35mvite:import-analysis[39m
  File: [36m/home/thiago/Projetos/eventhub/frontend/src/services/__tests__/participants.service.spec.ts[39m:3:0
[33m  1  |  vi.mock("../lib/api", () => ({ api: { get: vi.fn() } }));
  2  |  const __vi_import_0__ = await import("../participants.service");
  3  |  const __vi_import_1__ = await import("../lib/api");
     |                                       ^
  4  |  import { describe, it, expect, vi, beforeEach } from "vitest";
  5  |  [39m
[90m [2m❯[22m TransformPluginContext._formatLog node_modules/vite/dist/node/chunks/node.js:[2m30259:39[22m[39m
[90m [2m❯[22m TransformPluginContext.error node_modules/vite/dist/node/chunks/node.js:[2m30256:14[22m[39m
[90m [2m❯[22m normalizeUrl node_modules/vite/dist/node/chunks/node.js:[2m27544:18[22m[39m
[90m [2m❯[22m node_modules/vite/dist/node/chunks/node.js:[2m27607:30[22m[39m
[90m [2m❯[22m TransformPluginContext.transform node_modules/vite/dist/node/chunks/node.js:[2m27575:4[22m[39m
[90m [2m❯[22m EnvironmentPluginContainer.transform node_modules/vite/dist/node/chunks/node.js:[2m30048:14[22m[39m
[90m [2m❯[22m loadAndTransform node_modules/vite/dist/node/chunks/node.js:[2m24177:26[22m[39m

[31m[2m⎯⎯⎯⎯⎯⎯⎯⎯⎯⎯⎯⎯⎯⎯⎯⎯⎯⎯⎯⎯⎯⎯⎯⎯[4/7]⎯[22m[39m

[41m[1m FAIL [22m[49m src/services/__tests__/speakers.service.spec.ts[2m [ src/services/__tests__/speakers.service.spec.ts ][22m
[31m[1mError[22m: Failed to resolve import "../lib/api" from "src/services/__tests__/speakers.service.spec.ts". Does the file exist?[39m
  Plugin: [35mvite:import-analysis[39m
  File: [36m/home/thiago/Projetos/eventhub/frontend/src/services/__tests__/speakers.service.spec.ts[39m:3:0
[33m  6  |  } }));
  7  |  const __vi_import_0__ = await import("../speakers.service");
  8  |  const __vi_import_1__ = await import("../lib/api");
     |                                       ^
  9  |  import { describe, it, expect, vi, beforeEach } from "vitest";
  10 |  [39m
[90m [2m❯[22m TransformPluginContext._formatLog node_modules/vite/dist/node/chunks/node.js:[2m30259:39[22m[39m
[90m [2m❯[22m TransformPluginContext.error node_modules/vite/dist/node/chunks/node.js:[2m30256:14[22m[39m
[90m [2m❯[22m normalizeUrl node_modules/vite/dist/node/chunks/node.js:[2m27544:18[22m[39m
[90m [2m❯[22m node_modules/vite/dist/node/chunks/node.js:[2m27607:30[22m[39m
[90m [2m❯[22m TransformPluginContext.transform node_modules/vite/dist/node/chunks/node.js:[2m27575:4[22m[39m
[90m [2m❯[22m EnvironmentPluginContainer.transform node_modules/vite/dist/node/chunks/node.js:[2m30048:14[22m[39m
[90m [2m❯[22m loadAndTransform node_modules/vite/dist/node/chunks/node.js:[2m24177:26[22m[39m

[31m[2m⎯⎯⎯⎯⎯⎯⎯⎯⎯⎯⎯⎯⎯⎯⎯⎯⎯⎯⎯⎯⎯⎯⎯⎯[5/7]⎯[22m[39m

[41m[1m FAIL [22m[49m src/services/__tests__/sponsors.service.spec.ts[2m [ src/services/__tests__/sponsors.service.spec.ts ][22m
[31m[1mError[22m: Failed to resolve import "../lib/api" from "src/services/__tests__/sponsors.service.spec.ts". Does the file exist?[39m
  Plugin: [35mvite:import-analysis[39m
  File: [36m/home/thiago/Projetos/eventhub/frontend/src/services/__tests__/sponsors.service.spec.ts[39m:3:0
[33m  6  |  } }));
  7  |  const __vi_import_0__ = await import("../sponsors.service");
  8  |  const __vi_import_1__ = await import("../lib/api");
     |                                       ^
  9  |  import { describe, it, expect, vi, beforeEach } from "vitest";
  10 |  [39m
[90m [2m❯[22m TransformPluginContext._formatLog node_modules/vite/dist/node/chunks/node.js:[2m30259:39[22m[39m
[90m [2m❯[22m TransformPluginContext.error node_modules/vite/dist/node/chunks/node.js:[2m30256:14[22m[39m
[90m [2m❯[22m normalizeUrl node_modules/vite/dist/node/chunks/node.js:[2m27544:18[22m[39m
[90m [2m❯[22m node_modules/vite/dist/node/chunks/node.js:[2m27607:30[22m[39m
[90m [2m❯[22m TransformPluginContext.transform node_modules/vite/dist/node/chunks/node.js:[2m27575:4[22m[39m
[90m [2m❯[22m EnvironmentPluginContainer.transform node_modules/vite/dist/node/chunks/node.js:[2m30048:14[22m[39m
[90m [2m❯[22m loadAndTransform node_modules/vite/dist/node/chunks/node.js:[2m24177:26[22m[39m

[31m[2m⎯⎯⎯⎯⎯⎯⎯⎯⎯⎯⎯⎯⎯⎯⎯⎯⎯⎯⎯⎯⎯⎯⎯⎯[6/7]⎯[22m[39m

[41m[1m FAIL [22m[49m src/services/__tests__/submissions.service.spec.ts[2m [ src/services/__tests__/submissions.service.spec.ts ][22m
[31m[1mError[22m: Failed to resolve import "../lib/api" from "src/services/__tests__/submissions.service.spec.ts". Does the file exist?[39m
  Plugin: [35mvite:import-analysis[39m
  File: [36m/home/thiago/Projetos/eventhub/frontend/src/services/__tests__/submissions.service.spec.ts[39m:3:0
[33m  6  |  } }));
  7  |  const __vi_import_0__ = await import("../submissions.service");
  8  |  const __vi_import_1__ = await import("../lib/api");
     |                                       ^
  9  |  import { describe, it, expect, vi, beforeEach } from "vitest";
  10 |  [39m
[90m [2m❯[22m TransformPluginContext._formatLog node_modules/vite/dist/node/chunks/node.js:[2m30259:39[22m[39m
[90m [2m❯[22m TransformPluginContext.error node_modules/vite/dist/node/chunks/node.js:[2m30256:14[22m[39m
[90m [2m❯[22m normalizeUrl node_modules/vite/dist/node/chunks/node.js:[2m27544:18[22m[39m
[90m [2m❯[22m node_modules/vite/dist/node/chunks/node.js:[2m27607:30[22m[39m
[90m [2m❯[22m TransformPluginContext.transform node_modules/vite/dist/node/chunks/node.js:[2m27575:4[22m[39m
[90m [2m❯[22m EnvironmentPluginContainer.transform node_modules/vite/dist/node/chunks/node.js:[2m30048:14[22m[39m
[90m [2m❯[22m loadAndTransform node_modules/vite/dist/node/chunks/node.js:[2m24177:26[22m[39m

[31m[2m⎯⎯⎯⎯⎯⎯⎯⎯⎯⎯⎯⎯⎯⎯⎯⎯⎯⎯⎯⎯⎯⎯⎯⎯[7/7]⎯[22m[39m


[2m Test Files [22m [1m[31m7 failed[39m[22m[2m | [22m[1m[32m12 passed[39m[22m[90m (19)[39m
[2m      Tests [22m [1m[32m78 passed[39m[22m[90m (78)[39m
[2m   Start at [22m 21:57:01
[2m   Duration [22m 4.76s[2m (transform 2.18s, setup 2.27s, import 3.48s, tests 306ms, environment 23.53s)[22m

